DMFT.Na              1
DMFT.nspin              1
DMFT.Norb              1
DMFT.U          1.000000000    
DMFT.J         0.3000000000    
DMFT.Up          1.000000000    
DMFT.Jp         0.3000000000    
DMFT.Mu         0.5000000000    
DMFT.beta          100.0000000    
DMFT.MaxIterations            100
DMFT.ScfTolerance         0.1000000000E-03
DMFT.Matsubara.Nw           2000
DMFT.Real.Nw           4000
DMFT.Nk          10000
DMFT.SpectralBroadening         0.1000000000E-01
DMFT.Solver     ED                                                                              
DMFT.ED.Diagonalization     full     # default value
DMFT.ED.Nbath              1
DMFT.ED.Nsector              1
%block DMFT.ED.Sectors
 1 1
%endblock DMFT.ED.Sectors
%block DMFT.ED.InitialImpurityLevels
  0.0
  0.0
%block DMFT.ED.InitialBathLevels
  0.3
 -0.4
%block DMFT.ED.InitialHybridization
 -0.3  0.0
  0.0  0.5
DMFT.ED.ContinuedFractionStep             20
DMFT.ED.Nev             10
